// Jest Snapshot v1, https://goo.gl/fbAQLP

exports[`Renders without crashing 1`] = `
<Fragment>
  <p>
    Hello Lib!
  </p>
</Fragment>
`;
